// Jest Snapshot v1, https://goo.gl/fbAQLP

exports[`<Localization /> should render 1`] = `
<IntlProvider
  key="en-US"
  locale="en-US"
  messages={
    Object {
      "homepage.title": "Welcome to the 500Tech boilerplate",
    }
  }
>
  <div>
    Hello world
  </div>
</IntlProvider>
`;
