// Jest Snapshot v1, https://goo.gl/fbAQLP

exports[`<Localization /> should render 1`] = `
<IntlProvider
  key="en-US"
  locale="en-US"
  messages={
    Object {
      "sample.common.loading": "Loading...",
      "sample.homepage.description": "This is a sample component that uses a sample action + reducer, it fetches posts from a remote server and displays them",
      "sample.homepage.title": "Welcome to the 500Tech boilerplate",
    }
  }
>
  <div>
    Hello world
  </div>
</IntlProvider>
`;
