// Jest Snapshot v1, https://goo.gl/fbAQLP

exports[`Actions: sample fetchPosts: should create API action 1`] = `
Object {
  "meta": Object {
    "api": true,
  },
  "payload": Object {
    "method": "GET",
    "networkLabel": "posts",
    "onSuccess": [Function],
    "path": "posts",
  },
  "type": "[posts] Fetch Posts",
}
`;

exports[`Actions: sample setPosts: should create action 1`] = `
Object {
  "payload": Object {
    "posts": Array [
      Object {
        "id": 1,
        "title": "test",
      },
    ],
  },
  "type": "[posts] Set Posts",
}
`;
