// Jest Snapshot v1, https://goo.gl/fbAQLP

exports[`Reducer: Localization should set locale 1`] = `
Object {
  "locale": "en-US",
}
`;
